// Jest Snapshot v1, https://goo.gl/fbAQLP

exports[`Clock component test Clock component snapshot 1`] = `
<DocumentFragment>
  <p>
    Time: 12:00
  </p>
</DocumentFragment>
`;
